Fitter Place Stage Report for lab1
Fri Feb  2 21:24:57 2024
Quartus Prime Version 23.4.0 Build 79 11/22/2023 SC Pro Edition


---------------------
; Table of Contents ;
---------------------
  1. Legal Notice
  2. Fitter Resource Usage Summary
  3. Fitter Resource Utilization by Entity
  4. Fitter RAM Summary
  5. Fitter Physical RAM Information
  6. Fitter DSP Block Usage Summary
  7. Place Messages



----------------
; Legal Notice ;
----------------
Copyright (C) 2023  Intel Corporation. All rights reserved.
Your use of Intel Corporation's design tools, logic functions 
and other software and tools, and any partner logic 
functions, and any output files from any of the foregoing 
(including device programming or simulation files), and any 
associated documentation or information are expressly subject 
to the terms and conditions of the Intel Program License 
Subscription Agreement, the Intel Quartus Prime License Agreement,
the Intel FPGA IP License Agreement, or other applicable license
agreement, including, without limitation, that your use is for
the sole purpose of programming logic devices manufactured by
Intel and sold by Intel or its authorized distributors.  Please
refer to the Intel FPGA Software License Subscription Agreements 
on the Quartus Prime software download page.



+-------------------------------------------------------------------------------------------+
; Fitter Resource Usage Summary                                                             ;
+-------------------------------------------------------------+---------------------+-------+
; Resource                                                    ; Usage               ; %     ;
+-------------------------------------------------------------+---------------------+-------+
; Usage Report Generated after: Place                         ;                     ;       ;
;                                                             ;                     ;       ;
; Logic utilization (ALMs needed / total ALMs on device)      ; 1,045 / 427,200     ; < 1 % ;
; ALMs needed [=A-B+C]                                        ; 1,045               ;       ;
;     [A] ALMs used in final placement [=a+b+c+d]             ; 1,260 / 427,200     ; < 1 % ;
;         [a] ALMs used for LUT logic and registers           ; 293                 ;       ;
;         [b] ALMs used for LUT logic                         ; 598                 ;       ;
;         [c] ALMs used for registers                         ; 369                 ;       ;
;         [d] ALMs used for memory (up to half of total ALMs) ; 0                   ;       ;
;     [B] Estimate of ALMs recoverable by dense packing       ; 243 / 427,200       ; < 1 % ;
;     [C] Estimate of ALMs unavailable [=a+b+c+d]             ; 28 / 427,200        ; < 1 % ;
;         [a] Due to location constrained logic               ; 0                   ;       ;
;         [b] Due to LAB-wide signal conflicts                ; 0                   ;       ;
;         [c] Due to LAB input limits                         ; 1                   ;       ;
;         [d] Due to virtual I/Os                             ; 27                  ;       ;
;                                                             ;                     ;       ;
; Difficulty packing design                                   ; Low                 ;       ;
;                                                             ;                     ;       ;
; Total LABs:  partially or completely used                   ; 173 / 42,720        ; < 1 % ;
;     -- Logic LABs                                           ; 173                 ;       ;
;     -- Memory LABs (up to half of total LABs)               ; 0                   ;       ;
;                                                             ;                     ;       ;
; Combinational ALUT usage for logic                          ; 1,175               ;       ;
;     -- 7 input functions                                    ; 33                  ;       ;
;     -- 6 input functions                                    ; 668                 ;       ;
;     -- 5 input functions                                    ; 62                  ;       ;
;     -- 4 input functions                                    ; 19                  ;       ;
;     -- <=3 input functions                                  ; 393                 ;       ;
; Combinational ALUT usage for route-throughs                 ; 686                 ;       ;
;                                                             ;                     ;       ;
; Dedicated logic registers                                   ; 1,859               ;       ;
;     -- By type:                                             ;                     ;       ;
;         -- Primary logic registers                          ; 1,323 / 854,400     ; < 1 % ;
;         -- Secondary logic registers                        ; 536 / 854,400       ; < 1 % ;
;     -- By function:                                         ;                     ;       ;
;         -- Design implementation registers                  ; 1,859               ;       ;
;         -- Routing optimization registers                   ; 0                   ;       ;
;                                                             ;                     ;       ;
; ALMs adjustment for power estimation                        ; 101                 ;       ;
;                                                             ;                     ;       ;
; Virtual pins                                                ; 36                  ;       ;
; I/O pins                                                    ; 1 / 992             ; < 1 % ;
;     -- Clock pins                                           ; 1 / 48              ; 2 %   ;
;     -- Dedicated input pins                                 ; 0 / 107             ; 0 %   ;
;                                                             ;                     ;       ;
; M20K blocks                                                 ; 1 / 2,713           ; < 1 % ;
; Total MLAB memory bits                                      ; 0                   ;       ;
; Total block memory bits                                     ; 3,264 / 55,562,240  ; < 1 % ;
; Total block memory implementation bits                      ; 20,480 / 55,562,240 ; < 1 % ;
;                                                             ;                     ;       ;
; DSP Blocks Needed [=A+B-C]                                  ; 2 / 1,518           ; < 1 % ;
;     [A] Total Fixed Point DSP Blocks                        ; 2                   ;       ;
;     [B] Total Floating Point DSP Blocks                     ; 0                   ;       ;
;     [C] Estimate of DSP Blocks recoverable by dense merging ; 0                   ;       ;
;                                                             ;                     ;       ;
; IOPLLs                                                      ; 0 / 16              ; 0 %   ;
; FPLLs                                                       ; 0 / 32              ; 0 %   ;
; Global signals                                              ; 0                   ;       ;
;     -- Global clocks                                        ; 0 / 32              ; 0 %   ;
;     -- Regional clocks                                      ; 0 / 16              ; 0 %   ;
;     -- Periphery clocks                                     ; 0 / 384             ; 0 %   ;
; JTAGs                                                       ; 0 / 1               ; 0 %   ;
; ASMI blocks                                                 ; 0 / 1               ; 0 %   ;
; CRC blocks                                                  ; 0 / 1               ; 0 %   ;
; Remote update blocks                                        ; 0 / 1               ; 0 %   ;
; Oscillator blocks                                           ; 0 / 1               ; 0 %   ;
; PCIe Hard IPs                                               ; 0 / 4               ; 0 %   ;
; HSSI RX PCSs                                                ; 0 / 48              ; 0 %   ;
; HSSI PMA RX DESERs                                          ; 0 / 48              ; 0 %   ;
; HSSI TX PCSs                                                ; 0 / 48              ; 0 %   ;
; HSSI PMA TX SERs                                            ; 0 / 48              ; 0 %   ;
; HSSI CDR PLL                                                ; 0 / 48              ; 0 %   ;
;     -- CDR PLLs for Unused RX Clock Workaround              ; 0 / 48              ; 0 %   ;
; HSSI ATX PLL                                                ; 0 / 16              ; 0 %   ;
; Impedance control blocks                                    ; 0 / 16              ; 0 %   ;
; Maximum fan-out                                             ; 251                 ;       ;
; Highest non-global fan-out                                  ; 251                 ;       ;
; Total fan-out                                               ; 9730                ;       ;
; Average fan-out                                             ; 3.13                ;       ;
+-------------------------------------------------------------+---------------------+-------+
The Fitter Resource Usage Summary report displays a detailed analysis of logic utilization based on calculations of ALM usage. Refer to <a class="xref" href="https://www.intel.com/content/www/us/en/programmable/quartushelp/current/index.htm#mapIdTopics/mwh1465496451103.htm" target="_blank">Fitter Resource Usage Summary Report</a> in the <i>Intel® Quartus® Prime Pro Edition Help</i> for more information.


+---------------------------------------------------------------------------------------------------------------------------------------------------------------------------------------------------------------------------------------------------------------------------------------------------------------------------------------------------------------------------------------------------------------------------------------------------------------------------------------------------------------------------------------------+
; Fitter Resource Utilization by Entity                                                                                                                                                                                                                                                                                                                                                                                                                                                                                                       ;
+----------------------------+----------------------+----------------------------------+---------------------------------------------------+----------------------------------+----------------------+---------------------+---------------------------+---------------+-------------------+-------+--------------------------+----------------------------------------+---------------------------------------------------+------+--------------+--------+--------------------------------------------+-----------------------+--------------+
; Compilation Hierarchy Node ; ALMs needed [=A-B+C] ; [A] ALMs used in final placement ; [B] Estimate of ALMs recoverable by dense packing ; [C] Estimate of ALMs unavailable ; ALMs used for memory ; Combinational ALUTs ; Dedicated Logic Registers ; I/O Registers ; Block Memory Bits ; M20Ks ; DSP Blocks needed [=A-B] ; [A] DSP Blocks used in final placement ; [B] Estimate of DSPs recoverable by dense merging ; Pins ; Virtual Pins ; IOPLLs ; Full Hierarchy Name                        ; Entity Name           ; Library Name ;
+----------------------------+----------------------+----------------------------------+---------------------------------------------------+----------------------------------+----------------------+---------------------+---------------------------+---------------+-------------------+-------+--------------------------+----------------------------------------+---------------------------------------------------+------+--------------+--------+--------------------------------------------+-----------------------+--------------+
; |                          ; 1044.8 (968.3)       ; 1259.0 (1182.5)                  ; 241.0 (241.0)                                     ; 26.8 (26.8)                      ; 0.0 (0.0)            ; 1175 (1061)         ; 1859 (1859)               ; 0 (0)         ; 3264              ; 1     ; 2                        ; 2                                      ; 0                                                 ; 2    ; 53           ; 0 (0)  ; |                                          ; lab1                  ; altera_work  ;
;    |Addr0|                 ; 5.0 (5.0)            ; 5.0 (5.0)                        ; 0.0 (0.0)                                         ; 0.0 (0.0)                        ; 0.0 (0.0)            ; 20 (20)             ; 0 (0)                     ; 0 (0)         ; 0                 ; 0     ; 0                        ; 0                                      ; 0                                                 ; 0    ; 0            ; 0 (0)  ; Addr0                                      ; addr32p16             ; altera_work  ;
;    |Mult0|                 ; 15.0 (15.0)          ; 15.0 (15.0)                      ; 0.0 (0.0)                                         ; 0.0 (0.0)                        ; 0.0 (0.0)            ; 32 (32)             ; 0 (0)                     ; 0 (0)         ; 0                 ; 0     ; 2                        ; 2                                      ; 0                                                 ; 0    ; 0            ; 0 (0)  ; Mult0                                      ; mult32x16             ; altera_work  ;
;    |mux0|                  ; 5.5 (5.5)            ; 5.5 (5.5)                        ; 0.0 (0.0)                                         ; 0.0 (0.0)                        ; 0.0 (0.0)            ; 11 (11)             ; 0 (0)                     ; 0 (0)         ; 0                 ; 0     ; 0                        ; 0                                      ; 0                                                 ; 0    ; 0            ; 0 (0)  ; mux0                                       ; mux                   ; altera_work  ;
;    |out_array_rtl_0|       ; 0.0 (0.0)            ; 0.0 (0.0)                        ; 0.0 (0.0)                                         ; 0.0 (0.0)                        ; 0.0 (0.0)            ; 0 (0)               ; 0 (0)                     ; 0 (0)         ; 3264              ; 1     ; 0                        ; 0                                      ; 0                                                 ; 0    ; 0            ; 0 (0)  ; out_array_rtl_0                            ; altsyncram            ; work         ;
;       |auto_generated|     ; 0.0 (0.0)            ; 0.0 (0.0)                        ; 0.0 (0.0)                                         ; 0.0 (0.0)                        ; 0.0 (0.0)            ; 0 (0)               ; 0 (0)                     ; 0 (0)         ; 3264              ; 1     ; 0                        ; 0                                      ; 0                                                 ; 0    ; 0            ; 0 (0)  ; out_array_rtl_0|auto_generated             ; altsyncram_nt2q1      ; altera_work  ;
;    |rem_0_rtl_0|           ; 51.0 (0.0)           ; 51.0 (0.0)                       ; 0.0 (0.0)                                         ; 0.0 (0.0)                        ; 0.0 (0.0)            ; 51 (0)              ; 0 (0)                     ; 0 (0)         ; 0                 ; 0     ; 0                        ; 0                                      ; 0                                                 ; 0    ; 0            ; 0 (0)  ; rem_0_rtl_0                                ; lpm_divide            ; work         ;
;       |auto_generated|     ; 51.0 (0.0)           ; 51.0 (0.0)                       ; 0.0 (0.0)                                         ; 0.0 (0.0)                        ; 0.0 (0.0)            ; 51 (0)              ; 0 (0)                     ; 0 (0)         ; 0                 ; 0     ; 0                        ; 0                                      ; 0                                                 ; 0    ; 0            ; 0 (0)  ; rem_0_rtl_0|auto_generated                 ; lpm_divide_agm12      ; altera_work  ;
;          |divider|         ; 51.0 (0.0)           ; 51.0 (0.0)                       ; 0.0 (0.0)                                         ; 0.0 (0.0)                        ; 0.0 (0.0)            ; 51 (0)              ; 0 (0)                     ; 0 (0)         ; 0                 ; 0     ; 0                        ; 0                                      ; 0                                                 ; 0    ; 0            ; 0 (0)  ; rem_0_rtl_0|auto_generated|divider         ; sign_div_unsign_2nl72 ; altera_work  ;
;             |divider|      ; 51.0 (51.0)          ; 51.0 (51.0)                      ; 0.0 (0.0)                                         ; 0.0 (0.0)                        ; 0.0 (0.0)            ; 51 (51)             ; 0 (0)                     ; 0 (0)         ; 0                 ; 0     ; 0                        ; 0                                      ; 0                                                 ; 0    ; 0            ; 0 (0)  ; rem_0_rtl_0|auto_generated|divider|divider ; alt_u_div_aq42        ; altera_work  ;
+----------------------------+----------------------+----------------------------------+---------------------------------------------------+----------------------------------+----------------------+---------------------+---------------------------+---------------+-------------------+-------+--------------------------+----------------------------------------+---------------------------------------------------+------+--------------+--------+--------------------------------------------+-----------------------+--------------+
Note: For table entries with two numbers listed, the numbers in parentheses indicate the number of resources of the given type used by the specific entity alone. The numbers listed outside of parentheses indicate the total resources of the given type used by the specific entity and all of its sub-entities in the hierarchy.


+------------------------------------------------------------------------------------------------------------------------------------------------------------------------------------------------------------------------------------------------------------------------------------------------------------------------------------------------------------------------------------------------------------------------------------------------------------------------------------------------------------------------------------------------------------------------------------------------------------------------------+
; Fitter RAM Summary                                                                                                                                                                                                                                                                                                                                                                                                                                                                                                                                                                                                           ;
+-------------------------------------------+------+------------------+--------------+--------------+--------------+--------------+--------------+------------------------+-------------------------+------------------------+-------------------------+------+-----------------------------+-----------------------------+-----------------------------+-----------------------------+---------------------+-------------+-------+------+-----------------+---------------------+-----------------+-----------------+----------+------------------------+---------------------------------------------------------------------+
; Name                                      ; Type ; Mode             ; Clock Mode   ; Port A Depth ; Port A Width ; Port B Depth ; Port B Width ; Port A Input Registers ; Port A Output Registers ; Port B Input Registers ; Port B Output Registers ; Size ; Implementation Port A Depth ; Implementation Port A Width ; Implementation Port B Depth ; Implementation Port B Width ; Implementation Bits ; M20K blocks ; MLABs ; MIF  ; Location        ; Mixed Port RDW Mode ; Port A RDW Mode ; Port B RDW Mode ; ECC Mode ; ECC Pipeline Registers ; Fits in MLABs                                                       ;
+-------------------------------------------+------+------------------+--------------+--------------+--------------+--------------+--------------+------------------------+-------------------------+------------------------+-------------------------+------+-----------------------------+-----------------------------+-----------------------------+-----------------------------+---------------------+-------------+-------+------+-----------------+---------------------+-----------------+-----------------+----------+------------------------+---------------------------------------------------------------------+
; out_array_rtl_0|auto_generated|ALTSYNCRAM ; AUTO ; Simple Dual Port ; Single Clock ; 102          ; 32           ; 102          ; 32           ; yes                    ; no                      ; yes                    ; no                      ; 3264 ; 102                         ; 32                          ; 102                         ; 32                          ; 3264                ; 1           ; 0     ; None ; M20K_X32_Y49_N0 ; Old data            ; New data        ; New data        ; Off      ; No                     ; No - Unsupported Mixed Feed Through Setting in Auto MLAB Conversion ;
+-------------------------------------------+------+------------------+--------------+--------------+--------------+--------------+--------------+------------------------+-------------------------+------------------------+-------------------------+------+-----------------------------+-----------------------------+-----------------------------+-----------------------------+---------------------+-------------+-------+------+-----------------+---------------------+-----------------+-----------------+----------+------------------------+---------------------------------------------------------------------+
Note: Fitter may spread logical memories into multiple blocks to improve timing. The actual required RAM blocks can be found in the Fitter Resource Usage section.


+-----------------------------------------------------------------------------------------------------------------------------+
; Fitter Physical RAM Information                                                                                             ;
+-----------------------+-------------------------+-------------------------------+-------------------------------------------+
; Physical RAM Location ; Physical RAM Usage Bits ; Physical RAM Usage Percentage ; Logical RAM Name                          ;
+-----------------------+-------------------------+-------------------------------+-------------------------------------------+
; M20K_X32_Y49_N0       ; 3264                    ; 15.9                          ; out_array_rtl_0|auto_generated|ALTSYNCRAM ;
+-----------------------+-------------------------+-------------------------------+-------------------------------------------+
Note: This table shows up to 500 physical rams that are least utilized. You can change this number by setting PHYSICAL_RAM_RPT_MAX_ROW in qsf file.


+-----------------------------------------------+
; Fitter DSP Block Usage Summary                ;
+---------------------------------+-------------+
; Statistic                       ; Number Used ;
+---------------------------------+-------------+
; Two Independent 18x18           ; 1           ;
; Independent 18x18 Plus 36       ; 1           ;
; Total number of DSP blocks      ; 2           ;
;                                 ;             ;
; Fixed Point Unsigned Multiplier ; 2           ;
+---------------------------------+-------------+


+----------------+
; Place Messages ;
+----------------+
Info (20032): Parallel compilation is enabled and will use up to 2 processors
Info: *******************************************************************
Info: Running Quartus Prime Fitter
    Info: Version 23.4.0 Build 79 11/22/2023 SC Pro Edition
    Info: Processing started: Fri Feb  2 21:22:35 2024
    Info: System process ID: 1273246
Info: Command: quartus_fit --read_settings_files=on --write_settings_files=off lab1 -c lab1
Info: The application is running in 'DNI' mode.
Info: qfit2_default_script.tcl version: #1
Info: Project  = lab1
Info: Revision = lab1
Info (11165): Fitter preparation operations ending: elapsed time is 00:00:46
Info (22300): Design uses Placement Effort Multiplier = 1.0.
Info (170189): Fitter placement preparation operations beginning
Info (20288): The Fitter could not convert one or more RAM instances into MLABs automatically because auto MLAB conversion requires the Read-During-Write mode set to Don't Care. Change the Read-During-Write mode to Don't Care in the affected RAMS. Alternatively, to keep the current Read-During-Write mode, change the RAM type to MLAB instead of AUTO. For information on which RAM instances are affected, refer to the 'Fitter RAM Summary' table in the Fitter Report.
Info (14951): The Fitter is using Advanced Physical Optimization.
Info (170190): Fitter placement preparation operations ending: elapsed time is 00:00:17
Info (11888): Total time spent on timing analysis during Global Placement is 0.51 seconds.
Info (22300): Design uses Placement Effort Multiplier = 1.0.
Info (170189): Fitter placement preparation operations beginning
Info (170190): Fitter placement preparation operations ending: elapsed time is 00:00:05
Info (170191): Fitter placement operations beginning
Info (170137): Fitter placement was successful
Info (170192): Fitter placement operations ending: elapsed time is 00:00:06
Info (22793): The Timing Analyzer is analyzing 77 combinational loops as latches. To see the list of latches that were not entered as explicit comb loops in design files, view the "User-Specified and Inferred Latches" table in the Synthesis report.
Info (11888): Total time spent on timing analysis during Placement is 0.00 seconds.


